// Jest Snapshot v1, https://goo.gl/fbAQLP

exports[`components/Box matches snapshot 1`] = `ReactWrapper {}`;
