// Jest Snapshot v1, https://goo.gl/fbAQLP

exports[`components/Body matches snapshot 1`] = `ReactWrapper {}`;
