// Jest Snapshot v1, https://goo.gl/fbAQLP

exports[`components/CoinTable matches snapshot 1`] = `ReactWrapper {}`;
