// Jest Snapshot v1, https://goo.gl/fbAQLP

exports[`components/Button standard matches snapshot 1`] = `ReactWrapper {}`;
