// Jest Snapshot v1, https://goo.gl/fbAQLP

exports[`components/CoinCard matches snapshot 1`] = `ReactWrapper {}`;
