// Jest Snapshot v1, https://goo.gl/fbAQLP

exports[`components/Navbar matches screenshot 1`] = `ReactWrapper {}`;
