// Jest Snapshot v1, https://goo.gl/fbAQLP

exports[`components/BrandLogo matches snapshot 1`] = `ReactWrapper {}`;
