// Jest Snapshot v1, https://goo.gl/fbAQLP

exports[`components/Header matches snapshot 1`] = `ReactWrapper {}`;
