// Jest Snapshot v1, https://goo.gl/fbAQLP

exports[`components/Select matches snapshot 1`] = `ReactWrapper {}`;
