// Jest Snapshot v1, https://goo.gl/fbAQLP

exports[`components/Caption matches snapshot 1`] = `ReactWrapper {}`;
