// Jest Snapshot v1, https://goo.gl/fbAQLP

exports[`components/Grid matches snapshot 1`] = `ReactWrapper {}`;
