// Jest Snapshot v1, https://goo.gl/fbAQLP

exports[`components/IconButton matches snapshot 1`] = `ReactWrapper {}`;
