// Jest Snapshot v1, https://goo.gl/fbAQLP

exports[`components/Span matches snapshot 1`] = `ReactWrapper {}`;
