// Jest Snapshot v1, https://goo.gl/fbAQLP

exports[`components/Input matches snapshot 1`] = `ReactWrapper {}`;
