// Jest Snapshot v1, https://goo.gl/fbAQLP

exports[`components/Link matches snapshot 1`] = `ReactWrapper {}`;
